browser 153.0.8010.12
2 ok https://www.sportega.nl/ rewritten=10
3 ok https://welspro.com/ rewritten=2
0 ok https://fenadoce.com.br/ rewritten=3
1 ok https://www.hotelitaliajesolo.it/ rewritten=0
5 ok https://ucem.jp/ rewritten=0
8 ok https://inshot.fr.softmany.com/ rewritten=4
7 ok https://www.twhscheer.com/ rewritten=4
6 ok https://www.muziker.si/ rewritten=5
9 ok https://carelinkpsykiatri.dk/ rewritten=2
10 ok https://au.whiteclaw.com/ rewritten=0
4 ok https://anegadadelights.com/ rewritten=18
11 ok https://lenthaa.click/ rewritten=16
13 ok https://www.goughengineering.com/ rewritten=13
18 error https://fdpachura.pl/ rewritten=0
15 ok https://brynza.media/ rewritten=0
14 ok https://riodejas.com.br/ rewritten=6
12 ok https://midlandbrewingcompany.toast.site/ rewritten=20
17 ok https://www.bega-shoppingcenter.ro/ rewritten=0
20 ok https://aoum.in/ rewritten=2
21 ok https://www.stonewaterrecovery.com/ rewritten=1
19 ok https://www.prinas.de/ rewritten=0
16 ok https://www.meenaphotostudio.com/ rewritten=6
22 ok https://www.theriversrl.com/ rewritten=0
23 ok https://blog.drastosa.com.br/ rewritten=0
27 ok https://atelierulsanzienelor.ro/ rewritten=4
29 ok https://kulturfindetstadt-fulda.de/ rewritten=0
28 ok https://forthing-qatar.com/ rewritten=5
25 ok https://barconvent.co.uk/ rewritten=3
26 ok https://www.humboldt-institut.org/ rewritten=29
24 ok https://www.kishino-k.com/ rewritten=0
30 ok https://kspbku.com/ rewritten=10
32 ok https://mfcharderwijk.nl/ rewritten=0
34 ok https://academiaenara.com/ rewritten=7
33 ok https://schraubenhaus.de/ rewritten=8
35 ok https://hellasrally.org/ rewritten=0
31 ok https://www.hifi2erre.com/ rewritten=0
39 ok https://lddi.ca/ rewritten=6
38 ok https://dieselcom.ru/ rewritten=19
37 ok https://www.venereditalia.it/ rewritten=0
36 ok https://mizui-clinic.jp/ rewritten=0
41 ok https://estudio.fareph.com/ rewritten=31
40 ok https://www.texelcampings.nl/ rewritten=3
45 ok https://firefox.en.softmany.com/ rewritten=3
44 ok https://www.lionsroarnow.com/ rewritten=0
47 ok https://sienagarden.nl/ rewritten=25
43 ok https://caraslife.com/ rewritten=7
46 ok https://www.profoundsoundsdj.com/ rewritten=14
48 ok https://civilengineeringhub001.com/ rewritten=3
42 ok https://sp3.stargard.pl/ rewritten=0
49 ok https://www.nappaneepowerfromthepast.org/ rewritten=15
50 ok https://www.albis-leasing.de/ rewritten=1
51 ok https://nicknames4u.com/ rewritten=2
54 ok https://www.wallhopefarm.co.uk/ rewritten=0
52 ok https://www.spotbox.mx/ rewritten=34
53 ok https://www.paragonlaw.co.uk/ rewritten=24
55 ok https://aventini.de/ rewritten=0
56 ok https://thewhisperingdarkness.com/ rewritten=2
57 ok https://www.palestine.pl/ rewritten=0
59 ok https://nextgencollision.com/ rewritten=2
58 ok https://vongcam.space/ rewritten=1
60 ok https://co.bravecto.com/ rewritten=0
61 ok https://www.badenstrand.nl/ rewritten=24
62 ok https://ibnukatsir.or.id/ rewritten=0
63 ok https://shikharjiuppb.com/ rewritten=1
64 ok https://glornoscholarships.com/ rewritten=2
68 ok https://google-play.it.softmany.com/ rewritten=6
67 ok https://www.doucujte.cz/ rewritten=12
65 ok https://hophaus.com.au/ rewritten=0
69 ok https://fauda-s5.com/ rewritten=0
66 ok https://www.kral-buch.at/ rewritten=5
72 ok https://legadoexposevilla.org/ rewritten=0
74 ok https://www.marlenheim.fr/ rewritten=0
75 ok https://www.pro-destructeurs.com/ rewritten=3
71 ok https://nomad-cafe.co.uk/ rewritten=0
70 ok https://noxpaygaming.com/ rewritten=1
76 ok https://ekalrun.in/ rewritten=1
81 ok https://ignisnatura.org/ rewritten=9
73 ok https://littleyorktavernpizza.toast.site/ rewritten=15
78 ok https://hubriding.no/ rewritten=0
79 ok https://ewg.ie/ rewritten=9
80 ok https://pocketalk.jp/ rewritten=22
77 ok https://www.paramadina-pusad.or.id/ rewritten=0
82 ok https://deluxetintingshop.nl/ rewritten=2
84 ok https://skinsparacelulares.com/ rewritten=4
83 ok https://tarapata.com/ rewritten=0
85 ok https://marshrunkennels.com/ rewritten=4
86 ok https://gobernacionzacapa.gob.gt/ rewritten=10
88 ok https://accademiadelpiacere.es/ rewritten=0
90 ok https://www.cfmetal.it/ rewritten=0
89 ok https://highmountain-billings.dispensary.shop/ rewritten=71
91 ok https://magnetasceramica.mitiendanube.com/ rewritten=1
92 ok https://whyuhcflorida.com/ rewritten=0
87 ok https://order.denthaidenver.com/ rewritten=13
93 ok https://abiad.org.br/ rewritten=2
96 ok https://viber.ru.softmany.com/ rewritten=3
95 ok https://mcst8.org/ rewritten=2
94 ok https://chpatsialas.gr/ rewritten=18
97 ok https://cashelreydelminuto.com/ rewritten=13
99 ok https://www.tulikivi.ee/ rewritten=0
98 ok https://microsoft-titan.com/ rewritten=2
100 ok https://www.ingos-home-assistant.de/ rewritten=1
102 ok https://samaa-group.com/ rewritten=0
101 ok https://handsyoudemand.com/ rewritten=0
103 ok https://www.trasportilogisticaitalia.com/ rewritten=0
104 ok https://www.frauenaerztin-kulakov.de/ rewritten=0
106 ok https://thebeatcommunity.com/ rewritten=0
107 ok https://artaron.com/ rewritten=0
108 ok https://golfanlage-schopfheim.de/ rewritten=0
110 ok https://nmrdesign.com/ rewritten=0
111 ok https://www.shopdarting.de/ rewritten=10
114 error http://www.sofiva.tw/ rewritten=0
105 ok https://denachtwachtwinterswijk.nl/ rewritten=0
112 ok https://www.sarahwerner.com/ rewritten=0
109 ok https://sailwood.fr/ rewritten=0
113 ok https://kituhay.vn/ rewritten=0
115 ok https://tv1868.de/ rewritten=0
116 ok https://yoursushiroma.it/ rewritten=6
117 ok https://www.s-gifts.gr/ rewritten=0
119 ok https://ortalli.es/ rewritten=0
123 ok https://mbphotox.wordpress.com/ rewritten=1
121 ok https://www.atelierperche.com/ rewritten=0
122 ok https://laporteouverte.me/ rewritten=0
120 ok https://ssptms.com/ rewritten=0
118 ok https://studio-smiles.com/ rewritten=0
124 ok https://www.chimicabussi.it/ rewritten=0
127 ok https://vicosight.com/ rewritten=9
125 ok https://www.witgoedserviceholland.nl/ rewritten=0
129 ok https://culliganmo.com/ rewritten=0
128 ok https://autoport.co.in/ rewritten=5
126 ok https://rnmdoorsandwindows.co.uk/ rewritten=0
130 ok https://jim.org/ rewritten=0
132 ok https://lagnieugym.fr/ rewritten=0
134 ok https://liquid-chi.com/ rewritten=2
131 ok https://www.brassfoghorn.com/ rewritten=0
135 ok https://arcon.com.pl/ rewritten=0
137 ok https://lovrec.hr/ rewritten=4
136 ok https://asteres.fr/ rewritten=0
133 ok https://www.onoranzefunebricassina.it/ rewritten=0
138 ok https://www.lacortedegliulivi.it/ rewritten=0
142 ok https://dd9flash-news.blogspot.com/ rewritten=2
143 ok https://lockandloadmiami.com/ rewritten=0
141 ok https://alnacademy.org/ rewritten=0
140 ok https://blog.edtechie.net/ rewritten=0
144 ok https://cloudprotection.com/ rewritten=0
145 ok https://www.widzenia.pl/ rewritten=0
146 ok https://www.steverubbishremovals.co.uk/ rewritten=0
148 ok https://www.mugilu.com/ rewritten=0
150 ok https://statusqueen.co.in/ rewritten=0
147 ok https://www.amabile-gakki.com/ rewritten=1
151 ok https://bahs.com/ rewritten=0
149 ok https://jaganinfo.in/ rewritten=1
152 ok https://breastfeeding-and-medication.co.uk/ rewritten=0
139 ok https://nbjfc.com.au/ rewritten=0
154 ok https://funerariajuarez.com/ rewritten=0
153 ok https://trainingfoodconsulting.co.za/ rewritten=0
155 ok https://idartist.com.ru/ rewritten=0
158 ok https://mokorroko.com/ rewritten=0
156 ok https://www.wetzelchronicle.com/ rewritten=7
160 ok https://backstubelech.at/ rewritten=0
157 ok https://www.onnanavi.com/ rewritten=12
162 ok https://residences-fjt-troyes.fr/ rewritten=0
163 ok https://www.smartstartbrunswick.org/ rewritten=0
164 ok https://charlesheatingandair.com/ rewritten=0
159 ok https://trendissimo.ro/ rewritten=0
165 ok https://mademoisellemagalie.fr/ rewritten=0
167 ok https://carmendeluz.mypornstarblogs.com/ rewritten=0
161 ok https://www.perro-h.com/ rewritten=0
166 ok https://sushinouveau.com.br/ rewritten=0
169 ok https://www.junghannsgmbh.de/ rewritten=12
170 ok https://erinelizabethinspiredllc.com/ rewritten=0
168 ok https://www.steiner-verlag.de/ rewritten=55
171 ok https://keskustankoulu.kankaanpaa.fi/ rewritten=0
173 ok https://demukkenstal.nl/ rewritten=0
176 ok https://novajar.sk/ rewritten=0
174 ok https://thegrangeduvall.com/ rewritten=0
175 ok https://www.goldenoakrenovations.com/ rewritten=1
172 ok https://goodearthvillage.org/ rewritten=0
178 ok https://www.robertseddy.com/ rewritten=0
179 ok https://www.yesyespadel.com/ rewritten=0
177 ok https://derangler.shop/ rewritten=168
180 ok https://cccandies.com/ rewritten=0
181 ok https://cipeseguridad.com/ rewritten=0
182 ok https://novatekbd.com/ rewritten=0
186 ok https://stemdiscoverycentre.co.uk/ rewritten=0
185 ok https://baars-bloembinders.nl/ rewritten=0
184 ok https://www.croceverdemestre.it/ rewritten=2
188 ok https://acturpabloiglesias.com/ rewritten=8
183 ok https://rws77.com/ rewritten=39
189 ok https://memoiresdeladistribution.fr/ rewritten=4
190 ok https://www.galleryfittedkitchens.co.uk/ rewritten=0
187 ok https://www.zuhreanaeuropa.com/ rewritten=0
192 ok https://www.ijov.nl/ rewritten=0
193 ok https://www.abhaywani.in/ rewritten=2
196 ok https://www.lettl-tank.de/ rewritten=0
195 ok https://nadarauctions.com/ rewritten=0
191 ok https://shelbychamber.org/ rewritten=0
197 ok https://bustoprofai.lt/ rewritten=0
199 ok https://www.yongnuorumors.com/ rewritten=10
198 ok https://woofcamp.fr/ rewritten=1
194 ok https://www.pussywillow.club/ rewritten=0
